Connecting to LM Studio...
Models: qwopus3.5-2b-v3

Phase selection: both


############################################################
# MODEL: qwopus3.5-2b-v3
############################################################

==================================================
Testing with 2 tools available...
==================================================
  [PASS] 'get_weather' correctly called (3.393s)
  [PASS] 'send_email' correctly called (3.417s)
  >> Accuracy at 2 tools: 2/2 = 100%

==================================================
Testing with 3 tools available...
==================================================
  [PASS] 'get_weather' correctly called (2.918s)
  [PASS] 'send_email' correctly called (3.343s)
  [PASS] 'calculate_tip' correctly called (3.384s)
  >> Accuracy at 3 tools: 3/3 = 100%

==================================================
Testing with 4 tools available...
==================================================
  [PASS] 'get_weather' correctly called (3.234s)
  [PASS] 'send_email' correctly called (3.549s)
  [PASS] 'calculate_tip' correctly called (3.395s)
  [PASS] 'translate_text' correctly called (3.687s)
  >> Accuracy at 4 tools: 4/4 = 100%

==================================================
Testing with 5 tools available...
==================================================
  [PASS] 'get_weather' correctly called (3.254s)
  [PASS] 'send_email' correctly called (3.746s)
  [PASS] 'calculate_tip' correctly called (3.219s)
  [PASS] 'translate_text' correctly called (3.624s)
  [PASS] 'set_timer' correctly called (3.356s)
  >> Accuracy at 5 tools: 5/5 = 100%

==================================================
Testing with 7 tools available...
==================================================
  [PASS] 'search_wikipedia' correctly called (3.419s)
  [PASS] 'get_weather' correctly called (3.101s)
  [PASS] 'convert_currency' correctly called (3.042s)
  [PASS] 'calculate_tip' correctly called (3.637s)
  [PASS] 'set_timer' correctly called (3.406s)
  >> Accuracy at 7 tools: 5/5 = 100%

==================================================
Testing with 9 tools available...
==================================================
  [PASS] 'translate_text' correctly called (4.218s)
  [PASS] 'calculate_tip' correctly called (3.445s)
  [PASS] 'search_wikipedia' correctly called (2.989s)
  [PASS] 'get_weather' correctly called (3.199s)
  [PASS] 'set_timer' correctly called (3.329s)
  >> Accuracy at 9 tools: 5/5 = 100%

==================================================
Testing with 11 tools available...
==================================================
  [PASS] 'send_email' correctly called (3.36s)
  [PASS] 'resize_image' correctly called (3.542s)
  [PASS] 'convert_currency' correctly called (3.498s)
  [PASS] 'get_weather' correctly called (3.09s)
  [PASS] 'create_calendar_event' correctly called (4.255s)
  >> Accuracy at 11 tools: 5/5 = 100%

==================================================
Testing with 16 tools available...
==================================================
  [PASS] 'calculate_tip' correctly called (3.595s)
  [PASS] 'translate_text' correctly called (3.511s)
  [PASS] 'generate_password' correctly called (3.487s)
  [PASS] 'get_stock_price' correctly called (3.352s)
  [PASS] 'resize_image' correctly called (3.455s)
  >> Accuracy at 16 tools: 5/5 = 100%

==================================================
Testing with 21 tools available...
==================================================
  [PASS] 'get_weather' correctly called (3.544s)
  [PASS] 'scan_port' correctly called (3.81s)
  [PASS] 'convert_currency' correctly called (3.407s)
  [PASS] 'find_restaurant' correctly called (3.202s)
  [PASS] 'check_spelling' correctly called (3.008s)
  >> Accuracy at 21 tools: 5/5 = 100%

==================================================
Testing with 26 tools available...
==================================================
  [PASS] 'create_calendar_event' correctly called (4.73s)
  [PASS] 'generate_password' correctly called (3.4s)
  [PASS] 'convert_units' correctly called (3.491s)
  [PASS] 'get_stock_price' correctly called (3.075s)
  [PASS] 'shorten_url' correctly called (3.421s)
  >> Accuracy at 26 tools: 5/5 = 100%

==================================================
Testing with 31 tools available...
==================================================
  [PASS] 'create_qr_code' correctly called (3.331s)
  [PASS] 'get_weather' correctly called (3.016s)
  [PASS] 'analyze_sentiment' correctly called (3.663s)
  [PASS] 'shorten_url' correctly called (3.522s)
  [PASS] 'search_wikipedia' correctly called (3.127s)
  >> Accuracy at 31 tools: 5/5 = 100%

==================================================
PHASE 1 SUMMARY
==================================================
Model: qwopus3.5-2b-v3
Tool pool size: 31
Tools    Correct    Total    Accuracy
2        2          2        100%
3        3          3        100%
4        4          4        100%
5        5          5        100%
7        5          5        100%
9        5          5        100%
11       5          5        100%
16       5          5        100%
21       5          5        100%
26       5          5        100%
31       5          5        100%

============================================================
PHASE 2: Adversarial Tool Recall Test
============================================================
Tools in pool: 25 (with semantic overlaps & decoys)
Test cases: 28

  [SEMANTIC_OVERLAP] PASS: 'search_wikipedia' (3.342s)
  [SEMANTIC_OVERLAP] PASS: 'search_news' (3.227s)
  [SEMANTIC_OVERLAP] PASS: 'search_academic' (3.664s)
  [SEMANTIC_OVERLAP] PASS: 'search_local_files' (3.222s)
  [SEMANTIC_OVERLAP] PASS: 'convert_currency' (3.31s)
  [SEMANTIC_OVERLAP] PASS: 'convert_units' (3.723s)
  [SEMANTIC_OVERLAP] PASS: 'convert_timezone' (4.659s)
  [SEMANTIC_OVERLAP] PASS: 'send_slack_message' (3.384s)
  [SEMANTIC_OVERLAP] PASS: 'send_sms' (3.854s)
  [SEMANTIC_OVERLAP] PASS: 'set_alarm' (7.929s)
  [INDIRECT_PROMPT] FAIL: expected 'convert_timezone', got 'none' (14.199s)
         Rationale: Indirect - says 'when should I dial in' not 'convert timezone'
  [INDIRECT_PROMPT] PASS: 'convert_currency' (3.094s)
  [INDIRECT_PROMPT] PASS: 'get_weather_forecast' (3.617s)
  [INDIRECT_PROMPT] PASS: 'summarize_text' (5.017s)
  [INDIRECT_PROMPT] PASS: 'paraphrase_text' (4.35s)
  [INDIRECT_PROMPT] PASS: 'calculate_split_bill' (3.41s)
  [INDIRECT_PROMPT] PASS: 'search_academic' (3.777s)
  [INDIRECT_PROMPT] PASS: 'send_slack_message' (3.827s)
  [DECOY_TOOL] PASS: 'get_air_quality' (3.041s)
  [DECOY_TOOL] PASS: 'get_weather' (3.309s)
  [DECOY_TOOL] PASS: 'paraphrase_text' (4.397s)
  [DECOY_TOOL] PASS: 'set_timer' (3.202s)
  [DECOY_TOOL] FAIL: expected 'create_reminder', got 'send_sms' (4.545s)
         Rationale: Decoy: send_push_notification is tempting (buzz phone), but a scheduled note about a task = reminder
  [DECOY_TOOL] PASS: 'create_calendar_event' (4.756s)
  [DECOY_TOOL] PASS: 'convert_file_format' (4.11s)
  [RANDOM_ORDER] PASS: 'search_web' (3.812s)
  [RANDOM_ORDER] PASS: 'send_push_notification' (4.485s)
  [RANDOM_ORDER] PASS: 'convert_units' (3.921s)

============================================================
PHASE 2 SUMMARY
============================================================
  SEMANTIC_OVERLAP     10/10 (100%) [PASS]
  INDIRECT_PROMPT      7/8 (88%) [DEGRADED]
    - Expected 'convert_timezone', got 'none/no-tool-call'
      Prompt: I have a meeting with the Tokyo office but I'm in London - w...
  DECOY_TOOL           6/7 (86%) [DEGRADED]
    - Expected 'create_reminder', got 'send_sms'
      Prompt: Can you buzz my phone with a note about buying milk tomorrow...
  RANDOM_ORDER         3/3 (100%) [PASS]

  OVERALL: 26/28 (93%)
