Connecting to LM Studio...
Models: gemma-4-12b-it

Phase selection: both


############################################################
# MODEL: gemma-4-12b-it
############################################################

==================================================
Testing with 2 tools available...
==================================================
  [PASS] 'get_weather' correctly called (3.768s)
  [PASS] 'send_email' correctly called (4.168s)
  >> Accuracy at 2 tools: 2/2 = 100%

==================================================
Testing with 3 tools available...
==================================================
  [PASS] 'get_weather' correctly called (3.512s)
  [PASS] 'send_email' correctly called (4.201s)
  [PASS] 'calculate_tip' correctly called (3.549s)
  >> Accuracy at 3 tools: 3/3 = 100%

==================================================
Testing with 4 tools available...
==================================================
  [PASS] 'get_weather' correctly called (3.339s)
  [PASS] 'send_email' correctly called (4.05s)
  [PASS] 'calculate_tip' correctly called (3.505s)
  [PASS] 'translate_text' correctly called (3.566s)
  >> Accuracy at 4 tools: 4/4 = 100%

==================================================
Testing with 5 tools available...
==================================================
  [PASS] 'get_weather' correctly called (3.56s)
  [PASS] 'send_email' correctly called (4.345s)
  [PASS] 'calculate_tip' correctly called (3.846s)
  [PASS] 'translate_text' correctly called (3.854s)
  [PASS] 'set_timer' correctly called (3.71s)
  >> Accuracy at 5 tools: 5/5 = 100%

==================================================
Testing with 7 tools available...
==================================================
  [PASS] 'search_wikipedia' correctly called (3.726s)
  [PASS] 'get_weather' correctly called (3.347s)
  [PASS] 'convert_currency' correctly called (3.727s)
  [PASS] 'calculate_tip' correctly called (3.456s)
  [PASS] 'set_timer' correctly called (3.315s)
  >> Accuracy at 7 tools: 5/5 = 100%

==================================================
Testing with 9 tools available...
==================================================
  [PASS] 'translate_text' correctly called (4.197s)
  [PASS] 'calculate_tip' correctly called (3.606s)
  [PASS] 'search_wikipedia' correctly called (3.176s)
  [PASS] 'get_weather' correctly called (3.07s)
  [PASS] 'set_timer' correctly called (3.375s)
  >> Accuracy at 9 tools: 5/5 = 100%

==================================================
Testing with 11 tools available...
==================================================
  [PASS] 'send_email' correctly called (4.842s)
  [PASS] 'resize_image' correctly called (3.784s)
  [PASS] 'convert_currency' correctly called (3.68s)
  [PASS] 'get_weather' correctly called (3.158s)
  [PASS] 'create_calendar_event' correctly called (4.455s)
  >> Accuracy at 11 tools: 5/5 = 100%

==================================================
Testing with 16 tools available...
==================================================
  [PASS] 'calculate_tip' correctly called (4.695s)
  [PASS] 'translate_text' correctly called (3.832s)
  [PASS] 'generate_password' correctly called (3.546s)
  [PASS] 'get_stock_price' correctly called (3.358s)
  [PASS] 'resize_image' correctly called (3.764s)
  >> Accuracy at 16 tools: 5/5 = 100%

==================================================
Testing with 21 tools available...
==================================================
  [PASS] 'get_weather' correctly called (4.563s)
  [PASS] 'scan_port' correctly called (4.118s)
  [PASS] 'convert_currency' correctly called (3.635s)
  [PASS] 'find_restaurant' correctly called (3.575s)
  [PASS] 'check_spelling' correctly called (3.421s)
  >> Accuracy at 21 tools: 5/5 = 100%

==================================================
Testing with 26 tools available...
==================================================
  [PASS] 'create_calendar_event' correctly called (5.166s)
  [PASS] 'generate_password' correctly called (3.568s)
  [PASS] 'convert_units' correctly called (2.998s)
  [PASS] 'get_stock_price' correctly called (3.434s)
  [FAIL] Expected 'shorten_url', got 'none' No tool call made (92.078s)
  >> Accuracy at 26 tools: 4/5 = 80%

==================================================
Testing with 31 tools available...
==================================================
  [PASS] 'create_qr_code' correctly called (5.013s)
  [PASS] 'get_weather' correctly called (3.38s)
  [PASS] 'analyze_sentiment' correctly called (4.087s)
  [PASS] 'shorten_url' correctly called (3.553s)
  [FAIL] Expected 'search_wikipedia', got 'none' No tool call made (3.53s)
  >> Accuracy at 31 tools: 4/5 = 80%

==================================================
PHASE 1 SUMMARY
==================================================
Model: gemma-4-12b-it
Tool pool size: 31
Tools    Correct    Total    Accuracy
2        2          2        100%
3        3          3        100%
4        4          4        100%
5        5          5        100%
7        5          5        100%
9        5          5        100%
11       5          5        100%
16       5          5        100%
21       5          5        100%
26       4          5        80%
31       4          5        80%

Detailed Failures:
  At 26 tools:
    - expected '?', got 'None' (error: No tool call made)
  At 31 tools:
    - expected '?', got 'None' (error: No tool call made)

============================================================
PHASE 2: Adversarial Tool Recall Test
============================================================
Tools in pool: 25 (with semantic overlaps & decoys)
Test cases: 28

  [SEMANTIC_OVERLAP] FAIL: expected 'search_wikipedia', got 'none' (92.05s)
         Rationale: Must pick search_wikipedia over search_web, search_news, search_academic
  [SEMANTIC_OVERLAP] PASS: 'search_news' (3.618s)
  [SEMANTIC_OVERLAP] PASS: 'search_academic' (3.874s)
  [SEMANTIC_OVERLAP] FAIL: expected 'search_local_files', got 'none' (92.051s)
         Rationale: Must pick search_local_files over other search tools
  [SEMANTIC_OVERLAP] PASS: 'convert_currency' (3.888s)
  [SEMANTIC_OVERLAP] PASS: 'convert_units' (3.03s)
  [SEMANTIC_OVERLAP] PASS: 'convert_timezone' (3.021s)
  [SEMANTIC_OVERLAP] FAIL: expected 'send_slack_message', got 'none' (92.048s)
         Rationale: Must pick send_slack_message over send_email, send_sms, send_push_notification
  [SEMANTIC_OVERLAP] PASS: 'send_sms' (2.957s)
  [SEMANTIC_OVERLAP] PASS: 'set_alarm' (3.219s)
  [INDIRECT_PROMPT] PASS: 'convert_timezone' (2.977s)
  [INDIRECT_PROMPT] PASS: 'convert_currency' (2.996s)
  [INDIRECT_PROMPT] PASS: 'get_weather_forecast' (3.554s)
  [INDIRECT_PROMPT] FAIL: expected 'summarize_text', got 'none' (92.051s)
         Rationale: Indirect - 'make shorter' and 'one-paragraph version' implies summarize
  [INDIRECT_PROMPT] PASS: 'paraphrase_text' (4.033s)
  [INDIRECT_PROMPT] PASS: 'calculate_split_bill' (4.057s)
  [INDIRECT_PROMPT] PASS: 'search_academic' (3.712s)
  [INDIRECT_PROMPT] PASS: 'send_slack_message' (3.028s)
  [DECOY_TOOL] PASS: 'get_air_quality' (3.189s)
  [DECOY_TOOL] PASS: 'get_weather' (3.244s)
  [DECOY_TOOL] PASS: 'paraphrase_text' (3.639s)
  [DECOY_TOOL] PASS: 'set_timer' (3.008s)
  [DECOY_TOOL] FAIL: expected 'create_reminder', got 'send_push_notification' (3.482s)
         Rationale: Decoy: send_push_notification is tempting (buzz phone), but a scheduled note about a task = reminder
  [DECOY_TOOL] PASS: 'create_calendar_event' (3.503s)
  [DECOY_TOOL] PASS: 'convert_file_format' (4.005s)
  [RANDOM_ORDER] PASS: 'search_web' (8.812s)
  [RANDOM_ORDER] PASS: 'send_push_notification' (9.076s)
  [RANDOM_ORDER] PASS: 'convert_units' (7.968s)

============================================================
PHASE 2 SUMMARY
============================================================
  SEMANTIC_OVERLAP     7/10 (70%) [DEGRADED]
    - Expected 'search_wikipedia', got 'none/no-tool-call'
      Prompt: Find the Wikipedia article about the history of the Roman Em...
    - Expected 'search_local_files', got 'none/no-tool-call'
      Prompt: Find a file called 'budget_2026.xlsx' on my computer.
    - Expected 'send_slack_message', got 'none/no-tool-call'
      Prompt: Post a message in the #engineering Slack channel saying 'Dep...
  INDIRECT_PROMPT      7/8 (88%) [DEGRADED]
    - Expected 'summarize_text', got 'none/no-tool-call'
      Prompt: My boss wants a one-paragraph version of this report instead...
  DECOY_TOOL           6/7 (86%) [DEGRADED]
    - Expected 'create_reminder', got 'send_push_notification'
      Prompt: Can you buzz my phone with a note about buying milk tomorrow...
  RANDOM_ORDER         3/3 (100%) [PASS]

  OVERALL: 23/28 (82%)
