Connecting to LM Studio...
Models: mradermacher/minicpm-v-4.6

Phase selection: both


############################################################
# MODEL: mradermacher/minicpm-v-4.6
############################################################

==================================================
Testing with 2 tools available...
==================================================
  [PASS] 'get_weather' correctly called (2.501s)
  [FAIL] Expected 'send_email', got 'none' No tool call made (2.386s)
  >> Accuracy at 2 tools: 1/2 = 50%

==================================================
Testing with 3 tools available...
==================================================
  [PASS] 'get_weather' correctly called (2.614s)
  [PASS] 'send_email' correctly called (2.795s)
  [PASS] 'calculate_tip' correctly called (2.626s)
  >> Accuracy at 3 tools: 3/3 = 100%

==================================================
Testing with 4 tools available...
==================================================
  [PASS] 'get_weather' correctly called (2.581s)
  [PASS] 'send_email' correctly called (2.919s)
  [PASS] 'calculate_tip' correctly called (2.882s)
  [PASS] 'translate_text' correctly called (2.742s)
  >> Accuracy at 4 tools: 4/4 = 100%

==================================================
Testing with 5 tools available...
==================================================
  [PASS] 'get_weather' correctly called (2.645s)
  [PASS] 'send_email' correctly called (2.923s)
  [PASS] 'calculate_tip' correctly called (2.849s)
  [PASS] 'translate_text' correctly called (2.789s)
  [PASS] 'set_timer' correctly called (2.601s)
  >> Accuracy at 5 tools: 5/5 = 100%

==================================================
Testing with 7 tools available...
==================================================
  [PASS] 'search_wikipedia' correctly called (2.472s)
  [PASS] 'get_weather' correctly called (2.514s)
  [PASS] 'convert_currency' correctly called (2.616s)
  [PASS] 'calculate_tip' correctly called (2.791s)
  [PASS] 'set_timer' correctly called (2.711s)
  >> Accuracy at 7 tools: 5/5 = 100%

==================================================
Testing with 9 tools available...
==================================================
  [PASS] 'translate_text' correctly called (2.788s)
  [PASS] 'calculate_tip' correctly called (2.632s)
  [PASS] 'search_wikipedia' correctly called (2.696s)
  [PASS] 'get_weather' correctly called (2.597s)
  [PASS] 'set_timer' correctly called (2.698s)
  >> Accuracy at 9 tools: 5/5 = 100%

==================================================
Testing with 11 tools available...
==================================================
  [PASS] 'send_email' correctly called (2.922s)
  [PASS] 'resize_image' correctly called (2.865s)
  [PASS] 'convert_currency' correctly called (2.673s)
  [PASS] 'get_weather' correctly called (2.606s)
  [FAIL] Expected 'create_calendar_event', got 'none' No tool call made (2.885s)
  >> Accuracy at 11 tools: 4/5 = 80%

==================================================
Testing with 16 tools available...
==================================================
  [PASS] 'calculate_tip' correctly called (2.977s)
  [PASS] 'translate_text' correctly called (2.859s)
  [PASS] 'generate_password' correctly called (2.807s)
  [PASS] 'get_stock_price' correctly called (2.711s)
  [PASS] 'resize_image' correctly called (2.792s)
  >> Accuracy at 16 tools: 5/5 = 100%

==================================================
Testing with 21 tools available...
==================================================
  [PASS] 'get_weather' correctly called (2.659s)
  [PASS] 'scan_port' correctly called (2.967s)
  [PASS] 'convert_currency' correctly called (2.882s)
  [PASS] 'find_restaurant' correctly called (2.844s)
  [PASS] 'check_spelling' correctly called (2.654s)
  >> Accuracy at 21 tools: 5/5 = 100%

==================================================
Testing with 26 tools available...
==================================================
  [PASS] 'create_calendar_event' correctly called (3.0s)
  [FAIL] Expected 'generate_password', got 'none' No tool call made (2.777s)
  [PASS] 'convert_units' correctly called (2.653s)
  [PASS] 'get_stock_price' correctly called (2.51s)
  [PASS] 'shorten_url' correctly called (2.521s)
  >> Accuracy at 26 tools: 4/5 = 80%

==================================================
Testing with 31 tools available...
==================================================
  [FAIL] Expected 'create_qr_code', got 'none' No tool call made (2.814s)
  [PASS] 'get_weather' correctly called (2.645s)
  [PASS] 'analyze_sentiment' correctly called (2.518s)
  [PASS] 'shorten_url' correctly called (2.721s)
  [PASS] 'search_wikipedia' correctly called (2.755s)
  >> Accuracy at 31 tools: 4/5 = 80%

==================================================
PHASE 1 SUMMARY
==================================================
Model: mradermacher/minicpm-v-4.6
Tool pool size: 31
Tools    Correct    Total    Accuracy
2        1          2        50%
3        3          3        100%
4        4          4        100%
5        5          5        100%
7        5          5        100%
9        5          5        100%
11       4          5        80%
16       5          5        100%
21       5          5        100%
26       4          5        80%
31       4          5        80%

Detailed Failures:
  At 2 tools:
    - expected '?', got 'None' (error: No tool call made)
  At 11 tools:
    - expected '?', got 'None' (error: No tool call made)
  At 26 tools:
    - expected '?', got 'None' (error: No tool call made)
  At 31 tools:
    - expected '?', got 'None' (error: No tool call made)

============================================================
PHASE 2: Adversarial Tool Recall Test
============================================================
Tools in pool: 25 (with semantic overlaps & decoys)
Test cases: 28

  [SEMANTIC_OVERLAP] PASS: 'search_wikipedia' (3.032s)
  [SEMANTIC_OVERLAP] FAIL: expected 'search_news', got 'none' (2.758s)
         Rationale: Must pick search_news over search_web, search_wikipedia
  [SEMANTIC_OVERLAP] PASS: 'search_academic' (2.856s)
  [SEMANTIC_OVERLAP] FAIL: expected 'search_local_files', got 'none' (2.509s)
         Rationale: Must pick search_local_files over other search tools
  [SEMANTIC_OVERLAP] PASS: 'convert_currency' (2.731s)
  [SEMANTIC_OVERLAP] FAIL: expected 'convert_units', got 'none' (2.545s)
         Rationale: Must pick convert_units over convert_currency
  [SEMANTIC_OVERLAP] PASS: 'convert_timezone' (2.881s)
  [SEMANTIC_OVERLAP] PASS: 'send_slack_message' (2.678s)
  [SEMANTIC_OVERLAP] FAIL: expected 'send_sms', got 'none' (2.591s)
         Rationale: Must pick send_sms over send_email, send_slack_message
  [SEMANTIC_OVERLAP] FAIL: expected 'set_alarm', got 'create_reminder' (2.943s)
         Rationale: Must pick set_alarm (recurring wake-up) over set_timer, create_reminder
  [INDIRECT_PROMPT] PASS: 'convert_timezone' (2.741s)
  [INDIRECT_PROMPT] PASS: 'convert_currency' (2.944s)
  [INDIRECT_PROMPT] PASS: 'get_weather_forecast' (2.827s)
  [INDIRECT_PROMPT] PASS: 'summarize_text' (3.099s)
  [INDIRECT_PROMPT] FAIL: expected 'paraphrase_text', got 'search_web' (2.624s)
         Rationale: Indirect - 'sound more professional without changing meaning' = paraphrase
  [INDIRECT_PROMPT] FAIL: expected 'calculate_split_bill', got 'none' (9.343s)
         Rationale: Indirect - describes bill splitting scenario, doesn't say 'split bill'
  [INDIRECT_PROMPT] FAIL: expected 'search_academic', got 'none' (2.666s)
         Rationale: Indirect - 'thesis advisor recommended a paper' implies academic search
  [INDIRECT_PROMPT] PASS: 'send_slack_message' (2.726s)
  [DECOY_TOOL] PASS: 'get_air_quality' (2.644s)
  [DECOY_TOOL] PASS: 'get_weather' (2.445s)
  [DECOY_TOOL] PASS: 'paraphrase_text' (2.853s)
  [DECOY_TOOL] PASS: 'set_timer' (2.685s)
  [DECOY_TOOL] FAIL: expected 'create_reminder', got 'send_sms' (2.892s)
         Rationale: Decoy: send_push_notification is tempting (buzz phone), but a scheduled note about a task = reminder
  [DECOY_TOOL] PASS: 'create_calendar_event' (2.736s)
  [DECOY_TOOL] PASS: 'convert_file_format' (2.838s)
  [RANDOM_ORDER] PASS: 'search_web' (3.091s)
  [RANDOM_ORDER] FAIL: expected 'send_push_notification', got 'none' (3.24s)
         Rationale: Must pick push notification over send_sms, send_email when tool order is random
  [RANDOM_ORDER] PASS: 'convert_units' (3.219s)

============================================================
PHASE 2 SUMMARY
============================================================
  SEMANTIC_OVERLAP     5/10 (50%) [FAIL]
    - Expected 'search_news', got 'none/no-tool-call'
      Prompt: Search for recent news articles about the 2026 World Cup.
    - Expected 'search_local_files', got 'none/no-tool-call'
      Prompt: Find a file called 'budget_2026.xlsx' on my computer.
    - Expected 'convert_units', got 'none/no-tool-call'
      Prompt: How many kilometers is 26.2 miles?
    - Expected 'send_sms', got 'none/no-tool-call'
      Prompt: Text my wife at 555-0123 that I'll be late for dinner.
    - Expected 'set_alarm', got 'create_reminder'
      Prompt: I need to wake up at 6:30am every weekday.
  INDIRECT_PROMPT      5/8 (62%) [FAIL]
    - Expected 'paraphrase_text', got 'search_web'
      Prompt: My essay opening sounds too casual for an academic submissio...
    - Expected 'calculate_split_bill', got 'none/no-tool-call'
      Prompt: We're a group of 4 at the restaurant and the total came to $...
    - Expected 'search_academic', got 'none/no-tool-call'
      Prompt: My thesis advisor recommended a paper by Smith et al. on tra...
  DECOY_TOOL           6/7 (86%) [DEGRADED]
    - Expected 'create_reminder', got 'send_sms'
      Prompt: Can you buzz my phone with a note about buying milk tomorrow...
  RANDOM_ORDER         2/3 (67%) [FAIL]
    - Expected 'send_push_notification', got 'none/no-tool-call'
      Prompt: Send a high-priority notification to my phone saying 'Server...

  OVERALL: 18/28 (64%)
