Connecting to LM Studio...
Models: gemma-4-12b-it-qat

Phase selection: both


############################################################
# MODEL: gemma-4-12b-it-qat
############################################################

==================================================
Testing with 2 tools available...
==================================================
  [PASS] 'get_weather' correctly called (2.88s)
  [PASS] 'send_email' correctly called (3.507s)
  >> Accuracy at 2 tools: 2/2 = 100%

==================================================
Testing with 3 tools available...
==================================================
  [PASS] 'get_weather' correctly called (2.862s)
  [PASS] 'send_email' correctly called (3.697s)
  [PASS] 'calculate_tip' correctly called (2.913s)
  >> Accuracy at 3 tools: 3/3 = 100%

==================================================
Testing with 4 tools available...
==================================================
  [PASS] 'get_weather' correctly called (2.944s)
  [PASS] 'send_email' correctly called (3.814s)
  [PASS] 'calculate_tip' correctly called (3.086s)
  [PASS] 'translate_text' correctly called (3.22s)
  >> Accuracy at 4 tools: 4/4 = 100%

==================================================
Testing with 5 tools available...
==================================================
  [PASS] 'get_weather' correctly called (3.111s)
  [PASS] 'send_email' correctly called (3.659s)
  [PASS] 'calculate_tip' correctly called (3.052s)
  [PASS] 'translate_text' correctly called (3.0s)
  [PASS] 'set_timer' correctly called (2.835s)
  >> Accuracy at 5 tools: 5/5 = 100%

==================================================
Testing with 7 tools available...
==================================================
  [PASS] 'search_wikipedia' correctly called (3.09s)
  [PASS] 'get_weather' correctly called (3.022s)
  [PASS] 'convert_currency' correctly called (3.481s)
  [PASS] 'calculate_tip' correctly called (3.199s)
  [PASS] 'set_timer' correctly called (3.063s)
  >> Accuracy at 7 tools: 5/5 = 100%

==================================================
Testing with 9 tools available...
==================================================
  [PASS] 'translate_text' correctly called (3.467s)
  [PASS] 'calculate_tip' correctly called (3.204s)
  [PASS] 'search_wikipedia' correctly called (2.94s)
  [PASS] 'get_weather' correctly called (2.853s)
  [PASS] 'set_timer' correctly called (3.066s)
  >> Accuracy at 9 tools: 5/5 = 100%

==================================================
Testing with 11 tools available...
==================================================
  [PASS] 'send_email' correctly called (4.019s)
  [PASS] 'resize_image' correctly called (3.366s)
  [PASS] 'convert_currency' correctly called (3.447s)
  [PASS] 'get_weather' correctly called (2.814s)
  [PASS] 'create_calendar_event' correctly called (3.948s)
  >> Accuracy at 11 tools: 5/5 = 100%

==================================================
Testing with 16 tools available...
==================================================
  [PASS] 'calculate_tip' correctly called (3.692s)
  [PASS] 'translate_text' correctly called (3.291s)
  [PASS] 'generate_password' correctly called (3.1s)
  [PASS] 'get_stock_price' correctly called (2.705s)
  [PASS] 'resize_image' correctly called (3.069s)
  >> Accuracy at 16 tools: 5/5 = 100%

==================================================
Testing with 21 tools available...
==================================================
  [PASS] 'get_weather' correctly called (3.395s)
  [PASS] 'scan_port' correctly called (3.469s)
  [PASS] 'convert_currency' correctly called (3.305s)
  [PASS] 'find_restaurant' correctly called (3.294s)
  [PASS] 'check_spelling' correctly called (3.15s)
  >> Accuracy at 21 tools: 5/5 = 100%

==================================================
Testing with 26 tools available...
==================================================
  [PASS] 'create_calendar_event' correctly called (4.528s)
  [PASS] 'generate_password' correctly called (3.305s)
  [PASS] 'convert_units' correctly called (3.355s)
  [PASS] 'get_stock_price' correctly called (2.752s)
  [PASS] 'shorten_url' correctly called (3.709s)
  >> Accuracy at 26 tools: 5/5 = 100%

==================================================
Testing with 31 tools available...
==================================================
  [PASS] 'create_qr_code' correctly called (4.035s)
  [PASS] 'get_weather' correctly called (2.985s)
  [PASS] 'analyze_sentiment' correctly called (2.978s)
  [PASS] 'shorten_url' correctly called (3.495s)
  [PASS] 'search_wikipedia' correctly called (3.023s)
  >> Accuracy at 31 tools: 5/5 = 100%

==================================================
PHASE 1 SUMMARY
==================================================
Model: gemma-4-12b-it-qat
Tool pool size: 31
Tools    Correct    Total    Accuracy
2        2          2        100%
3        3          3        100%
4        4          4        100%
5        5          5        100%
7        5          5        100%
9        5          5        100%
11       5          5        100%
16       5          5        100%
21       5          5        100%
26       5          5        100%
31       5          5        100%

============================================================
PHASE 2: Adversarial Tool Recall Test
============================================================
Tools in pool: 25 (with semantic overlaps & decoys)
Test cases: 28

  [SEMANTIC_OVERLAP] PASS: 'search_wikipedia' (6.199s)
  [SEMANTIC_OVERLAP] PASS: 'search_news' (3.168s)
  [SEMANTIC_OVERLAP] PASS: 'search_academic' (3.124s)
  [SEMANTIC_OVERLAP] PASS: 'search_local_files' (2.913s)
  [SEMANTIC_OVERLAP] PASS: 'convert_currency' (3.356s)
  [SEMANTIC_OVERLAP] PASS: 'convert_units' (3.362s)
  [SEMANTIC_OVERLAP] PASS: 'convert_timezone' (4.076s)
  [SEMANTIC_OVERLAP] PASS: 'send_slack_message' (3.122s)
  [SEMANTIC_OVERLAP] PASS: 'send_sms' (3.564s)
  [SEMANTIC_OVERLAP] PASS: 'set_alarm' (3.155s)
  [INDIRECT_PROMPT] PASS: 'convert_timezone' (3.944s)
  [INDIRECT_PROMPT] PASS: 'convert_currency' (3.207s)
  [INDIRECT_PROMPT] PASS: 'get_weather_forecast' (3.007s)
  [INDIRECT_PROMPT] PASS: 'summarize_text' (5.833s)
  [INDIRECT_PROMPT] PASS: 'paraphrase_text' (3.843s)
  [INDIRECT_PROMPT] PASS: 'calculate_split_bill' (3.444s)
  [INDIRECT_PROMPT] PASS: 'search_academic' (3.348s)
  [INDIRECT_PROMPT] PASS: 'send_slack_message' (3.165s)
  [DECOY_TOOL] PASS: 'get_air_quality' (2.784s)
  [DECOY_TOOL] PASS: 'get_weather' (2.627s)
  [DECOY_TOOL] PASS: 'paraphrase_text' (3.299s)
  [DECOY_TOOL] PASS: 'set_timer' (3.068s)
  [DECOY_TOOL] FAIL: expected 'create_reminder', got 'send_push_notification' (3.587s)
         Rationale: Decoy: send_push_notification is tempting (buzz phone), but a scheduled note about a task = reminder
  [DECOY_TOOL] PASS: 'create_calendar_event' (3.698s)
  [DECOY_TOOL] PASS: 'convert_file_format' (3.557s)
  [RANDOM_ORDER] PASS: 'search_web' (5.793s)
  [RANDOM_ORDER] PASS: 'send_push_notification' (6.292s)
  [RANDOM_ORDER] PASS: 'convert_units' (6.414s)

============================================================
PHASE 2 SUMMARY
============================================================
  SEMANTIC_OVERLAP     10/10 (100%) [PASS]
  INDIRECT_PROMPT      8/8 (100%) [PASS]
  DECOY_TOOL           6/7 (86%) [DEGRADED]
    - Expected 'create_reminder', got 'send_push_notification'
      Prompt: Can you buzz my phone with a note about buying milk tomorrow...
  RANDOM_ORDER         3/3 (100%) [PASS]

  OVERALL: 27/28 (96%)
