Connecting to LM Studio...
Models: mellum2-12b-a2.5b-thinking-i1

Phase selection: both


############################################################
# MODEL: mellum2-12b-a2.5b-thinking-i1
############################################################

==================================================
Testing with 2 tools available...
==================================================
  [PASS] 'get_weather' correctly called (3.454s)
  [PASS] 'send_email' correctly called (4.542s)
  >> Accuracy at 2 tools: 2/2 = 100%

==================================================
Testing with 3 tools available...
==================================================
  [PASS] 'get_weather' correctly called (3.456s)
  [PASS] 'send_email' correctly called (4.282s)
  [PASS] 'calculate_tip' correctly called (3.715s)
  >> Accuracy at 3 tools: 3/3 = 100%

==================================================
Testing with 4 tools available...
==================================================
  [PASS] 'get_weather' correctly called (3.315s)
  [PASS] 'send_email' correctly called (4.084s)
  [PASS] 'calculate_tip' correctly called (3.567s)
  [PASS] 'translate_text' correctly called (3.66s)
  >> Accuracy at 4 tools: 4/4 = 100%

==================================================
Testing with 5 tools available...
==================================================
  [PASS] 'get_weather' correctly called (3.204s)
  [PASS] 'send_email' correctly called (4.277s)
  [PASS] 'calculate_tip' correctly called (3.587s)
  [PASS] 'translate_text' correctly called (3.497s)
  [PASS] 'set_timer' correctly called (3.698s)
  >> Accuracy at 5 tools: 5/5 = 100%

==================================================
Testing with 7 tools available...
==================================================
  [PASS] 'search_wikipedia' correctly called (3.171s)
  [PASS] 'get_weather' correctly called (3.553s)
  [PASS] 'convert_currency' correctly called (3.353s)
  [PASS] 'calculate_tip' correctly called (3.671s)
  [PASS] 'set_timer' correctly called (3.303s)
  >> Accuracy at 7 tools: 5/5 = 100%

==================================================
Testing with 9 tools available...
==================================================
  [PASS] 'translate_text' correctly called (3.75s)
  [PASS] 'calculate_tip' correctly called (3.563s)
  [PASS] 'search_wikipedia' correctly called (3.488s)
  [PASS] 'get_weather' correctly called (3.826s)
  [PASS] 'set_timer' correctly called (3.549s)
  >> Accuracy at 9 tools: 5/5 = 100%

==================================================
Testing with 11 tools available...
==================================================
  [PASS] 'send_email' correctly called (4.522s)
  [PASS] 'resize_image' correctly called (3.664s)
  [PASS] 'convert_currency' correctly called (3.48s)
  [PASS] 'get_weather' correctly called (3.365s)
  [FAIL] Expected 'create_calendar_event', got 'none' No tool call made (4.057s)
  >> Accuracy at 11 tools: 4/5 = 80%

==================================================
Testing with 16 tools available...
==================================================
  [PASS] 'calculate_tip' correctly called (3.948s)
  [PASS] 'translate_text' correctly called (3.845s)
  [PASS] 'generate_password' correctly called (3.679s)
  [PASS] 'get_stock_price' correctly called (3.281s)
  [PASS] 'resize_image' correctly called (3.522s)
  >> Accuracy at 16 tools: 5/5 = 100%

==================================================
Testing with 21 tools available...
==================================================
  [PASS] 'get_weather' correctly called (4.949s)
  [PASS] 'scan_port' correctly called (3.731s)
  [PASS] 'convert_currency' correctly called (3.657s)
  [PASS] 'find_restaurant' correctly called (3.416s)
  [PASS] 'check_spelling' correctly called (3.607s)
  >> Accuracy at 21 tools: 5/5 = 100%

==================================================
Testing with 26 tools available...
==================================================
  [PASS] 'create_calendar_event' correctly called (5.993s)
  [PASS] 'generate_password' correctly called (3.775s)
  [PASS] 'convert_units' correctly called (3.954s)
  [PASS] 'get_stock_price' correctly called (3.318s)
  [PASS] 'shorten_url' correctly called (4.793s)
  >> Accuracy at 26 tools: 5/5 = 100%

==================================================
Testing with 31 tools available...
==================================================
  [PASS] 'create_qr_code' correctly called (3.814s)
  [PASS] 'get_weather' correctly called (3.386s)
  [PASS] 'analyze_sentiment' correctly called (3.548s)
  [PASS] 'shorten_url' correctly called (4.166s)
  [PASS] 'search_wikipedia' correctly called (3.411s)
  >> Accuracy at 31 tools: 5/5 = 100%

==================================================
PHASE 1 SUMMARY
==================================================
Model: mellum2-12b-a2.5b-thinking-i1
Tool pool size: 31
Tools    Correct    Total    Accuracy
2        2          2        100%
3        3          3        100%
4        4          4        100%
5        5          5        100%
7        5          5        100%
9        5          5        100%
11       4          5        80%
16       5          5        100%
21       5          5        100%
26       5          5        100%
31       5          5        100%

Detailed Failures:
  At 11 tools:
    - expected '?', got 'None' (error: No tool call made)

============================================================
PHASE 2: Adversarial Tool Recall Test
============================================================
Tools in pool: 25 (with semantic overlaps & decoys)
Test cases: 28

  [SEMANTIC_OVERLAP] PASS: 'search_wikipedia' (5.88s)
  [SEMANTIC_OVERLAP] PASS: 'search_news' (4.088s)
  [SEMANTIC_OVERLAP] PASS: 'search_academic' (3.937s)
  [SEMANTIC_OVERLAP] PASS: 'search_local_files' (5.247s)
  [SEMANTIC_OVERLAP] PASS: 'convert_currency' (4.071s)
  [SEMANTIC_OVERLAP] PASS: 'convert_units' (4.667s)
  [SEMANTIC_OVERLAP] PASS: 'convert_timezone' (8.151s)
  [SEMANTIC_OVERLAP] PASS: 'send_slack_message' (3.881s)
  [SEMANTIC_OVERLAP] PASS: 'send_sms' (4.71s)
  [SEMANTIC_OVERLAP] PASS: 'set_alarm' (4.487s)
  [INDIRECT_PROMPT] PASS: 'convert_timezone' (9.981s)
  [INDIRECT_PROMPT] PASS: 'convert_currency' (3.95s)
  [INDIRECT_PROMPT] PASS: 'get_weather_forecast' (5.155s)
  [INDIRECT_PROMPT] PASS: 'summarize_text' (5.946s)
  [INDIRECT_PROMPT] PASS: 'paraphrase_text' (5.238s)
  [INDIRECT_PROMPT] PASS: 'calculate_split_bill' (5.451s)
  [INDIRECT_PROMPT] PASS: 'search_academic' (7.284s)
  [INDIRECT_PROMPT] PASS: 'send_slack_message' (5.79s)
  [DECOY_TOOL] PASS: 'get_air_quality' (4.751s)
  [DECOY_TOOL] PASS: 'get_weather' (3.669s)
  [DECOY_TOOL] PASS: 'paraphrase_text' (4.715s)
  [DECOY_TOOL] PASS: 'set_timer' (4.765s)
  [DECOY_TOOL] FAIL: expected 'create_reminder', got 'send_push_notification' (5.676s)
         Rationale: Decoy: send_push_notification is tempting (buzz phone), but a scheduled note about a task = reminder
  [DECOY_TOOL] PASS: 'create_calendar_event' (5.76s)
  [DECOY_TOOL] PASS: 'convert_file_format' (3.728s)
  [RANDOM_ORDER] PASS: 'search_web' (4.997s)
  [RANDOM_ORDER] PASS: 'send_push_notification' (7.52s)
  [RANDOM_ORDER] PASS: 'convert_units' (4.849s)

============================================================
PHASE 2 SUMMARY
============================================================
  SEMANTIC_OVERLAP     10/10 (100%) [PASS]
  INDIRECT_PROMPT      8/8 (100%) [PASS]
  DECOY_TOOL           6/7 (86%) [DEGRADED]
    - Expected 'create_reminder', got 'send_push_notification'
      Prompt: Can you buzz my phone with a note about buying milk tomorrow...
  RANDOM_ORDER         3/3 (100%) [PASS]

  OVERALL: 27/28 (96%)
