Connecting to LM Studio...
Models: qwopus3.5-9b-coder-mtp@q8_0

Phase selection: both


############################################################
# MODEL: qwopus3.5-9b-coder-mtp@q8_0
############################################################

==================================================
Testing with 2 tools available...
==================================================
  [PASS] 'get_weather' correctly called (4.248s)
  [PASS] 'send_email' correctly called (4.517s)
  >> Accuracy at 2 tools: 2/2 = 100%

==================================================
Testing with 3 tools available...
==================================================
  [PASS] 'get_weather' correctly called (4.043s)
  [PASS] 'send_email' correctly called (4.166s)
  [PASS] 'calculate_tip' correctly called (4.302s)
  >> Accuracy at 3 tools: 3/3 = 100%

==================================================
Testing with 4 tools available...
==================================================
  [PASS] 'get_weather' correctly called (3.523s)
  [PASS] 'send_email' correctly called (4.667s)
  [PASS] 'calculate_tip' correctly called (4.511s)
  [PASS] 'translate_text' correctly called (4.697s)
  >> Accuracy at 4 tools: 4/4 = 100%

==================================================
Testing with 5 tools available...
==================================================
  [PASS] 'get_weather' correctly called (3.704s)
  [PASS] 'send_email' correctly called (4.506s)
  [PASS] 'calculate_tip' correctly called (4.215s)
  [PASS] 'translate_text' correctly called (4.52s)
  [PASS] 'set_timer' correctly called (4.153s)
  >> Accuracy at 5 tools: 5/5 = 100%

==================================================
Testing with 7 tools available...
==================================================
  [PASS] 'search_wikipedia' correctly called (4.056s)
  [PASS] 'get_weather' correctly called (3.678s)
  [PASS] 'convert_currency' correctly called (4.39s)
  [PASS] 'calculate_tip' correctly called (3.865s)
  [PASS] 'set_timer' correctly called (4.001s)
  >> Accuracy at 7 tools: 5/5 = 100%

==================================================
Testing with 9 tools available...
==================================================
  [PASS] 'translate_text' correctly called (4.633s)
  [PASS] 'calculate_tip' correctly called (4.026s)
  [PASS] 'search_wikipedia' correctly called (3.843s)
  [PASS] 'get_weather' correctly called (3.832s)
  [PASS] 'set_timer' correctly called (4.006s)
  >> Accuracy at 9 tools: 5/5 = 100%

==================================================
Testing with 11 tools available...
==================================================
  [PASS] 'send_email' correctly called (4.805s)
  [PASS] 'resize_image' correctly called (4.619s)
  [PASS] 'convert_currency' correctly called (4.367s)
  [PASS] 'get_weather' correctly called (3.637s)
  [PASS] 'create_calendar_event' correctly called (5.813s)
  >> Accuracy at 11 tools: 5/5 = 100%

==================================================
Testing with 16 tools available...
==================================================
  [PASS] 'calculate_tip' correctly called (4.551s)
  [PASS] 'translate_text' correctly called (4.491s)
  [PASS] 'generate_password' correctly called (4.451s)
  [PASS] 'get_stock_price' correctly called (3.844s)
  [PASS] 'resize_image' correctly called (4.435s)
  >> Accuracy at 16 tools: 5/5 = 100%

==================================================
Testing with 21 tools available...
==================================================
  [PASS] 'get_weather' correctly called (4.117s)
  [PASS] 'scan_port' correctly called (5.09s)
  [PASS] 'convert_currency' correctly called (4.351s)
  [PASS] 'find_restaurant' correctly called (4.31s)
  [PASS] 'check_spelling' correctly called (4.919s)
  >> Accuracy at 21 tools: 5/5 = 100%

==================================================
Testing with 26 tools available...
==================================================
  [PASS] 'create_calendar_event' correctly called (6.345s)
  [PASS] 'generate_password' correctly called (4.393s)
  [PASS] 'convert_units' correctly called (4.217s)
  [PASS] 'get_stock_price' correctly called (3.827s)
  [PASS] 'shorten_url' correctly called (4.684s)
  >> Accuracy at 26 tools: 5/5 = 100%

==================================================
Testing with 31 tools available...
==================================================
  [PASS] 'create_qr_code' correctly called (4.938s)
  [PASS] 'get_weather' correctly called (3.585s)
  [PASS] 'analyze_sentiment' correctly called (4.591s)
  [PASS] 'shorten_url' correctly called (4.223s)
  [PASS] 'search_wikipedia' correctly called (3.919s)
  >> Accuracy at 31 tools: 5/5 = 100%

==================================================
PHASE 1 SUMMARY
==================================================
Model: qwopus3.5-9b-coder-mtp@q8_0
Tool pool size: 31
Tools    Correct    Total    Accuracy
2        2          2        100%
3        3          3        100%
4        4          4        100%
5        5          5        100%
7        5          5        100%
9        5          5        100%
11       5          5        100%
16       5          5        100%
21       5          5        100%
26       5          5        100%
31       5          5        100%

============================================================
PHASE 2: Adversarial Tool Recall Test
============================================================
Tools in pool: 25 (with semantic overlaps & decoys)
Test cases: 28

  [SEMANTIC_OVERLAP] PASS: 'search_wikipedia' (5.699s)
  [SEMANTIC_OVERLAP] PASS: 'search_news' (4.764s)
  [SEMANTIC_OVERLAP] PASS: 'search_academic' (5.585s)
  [SEMANTIC_OVERLAP] PASS: 'search_local_files' (4.366s)
  [SEMANTIC_OVERLAP] PASS: 'convert_currency' (4.179s)
  [SEMANTIC_OVERLAP] PASS: 'convert_units' (4.596s)
  [SEMANTIC_OVERLAP] PASS: 'convert_timezone' (5.244s)
  [SEMANTIC_OVERLAP] PASS: 'send_slack_message' (4.306s)
  [SEMANTIC_OVERLAP] PASS: 'send_sms' (4.999s)
  [SEMANTIC_OVERLAP] PASS: 'set_alarm' (8.299s)
  [INDIRECT_PROMPT] PASS: 'convert_timezone' (6.244s)
  [INDIRECT_PROMPT] PASS: 'convert_currency' (5.269s)
  [INDIRECT_PROMPT] PASS: 'get_weather_forecast' (4.492s)
  [INDIRECT_PROMPT] PASS: 'summarize_text' (6.043s)
  [INDIRECT_PROMPT] PASS: 'paraphrase_text' (5.483s)
  [INDIRECT_PROMPT] PASS: 'calculate_split_bill' (4.676s)
  [INDIRECT_PROMPT] PASS: 'search_academic' (4.701s)
  [INDIRECT_PROMPT] PASS: 'send_slack_message' (7.526s)
  [DECOY_TOOL] PASS: 'get_air_quality' (3.522s)
  [DECOY_TOOL] PASS: 'get_weather' (3.637s)
  [DECOY_TOOL] FAIL: expected 'paraphrase_text', got 'none' (7.563s)
         Rationale: Decoy: translate_text and summarize_text are tempting, but 'rewrite to sound different same info' = paraphrase
  [DECOY_TOOL] PASS: 'set_timer' (4.032s)
  [DECOY_TOOL] FAIL: expected 'create_reminder', got 'none' (11.143s)
         Rationale: Decoy: send_push_notification is tempting (buzz phone), but a scheduled note about a task = reminder
  [DECOY_TOOL] PASS: 'create_calendar_event' (7.64s)
  [DECOY_TOOL] PASS: 'convert_file_format' (4.547s)
  [RANDOM_ORDER] PASS: 'search_web' (5.836s)
  [RANDOM_ORDER] PASS: 'send_push_notification' (8.311s)
  [RANDOM_ORDER] PASS: 'convert_units' (7.369s)

============================================================
PHASE 2 SUMMARY
============================================================
  SEMANTIC_OVERLAP     10/10 (100%) [PASS]
  INDIRECT_PROMPT      8/8 (100%) [PASS]
  DECOY_TOOL           5/7 (71%) [DEGRADED]
    - Expected 'paraphrase_text', got 'none/no-tool-call'
      Prompt: Rewrite this paragraph to sound different but keep the same ...
    - Expected 'create_reminder', got 'none/no-tool-call'
      Prompt: Can you buzz my phone with a note about buying milk tomorrow...
  RANDOM_ORDER         3/3 (100%) [PASS]

  OVERALL: 26/28 (93%)
