Connecting to LM Studio...
Models: lfm2.5-8b-a1b

Phase selection: both


############################################################
# MODEL: lfm2.5-8b-a1b
############################################################

==================================================
Testing with 2 tools available...
==================================================
  [PASS] 'get_weather' correctly called (3.954s)
  [PASS] 'send_email' correctly called (3.868s)
  >> Accuracy at 2 tools: 2/2 = 100%

==================================================
Testing with 3 tools available...
==================================================
  [PASS] 'get_weather' correctly called (2.961s)
  [PASS] 'send_email' correctly called (3.613s)
  [PASS] 'calculate_tip' correctly called (3.356s)
  >> Accuracy at 3 tools: 3/3 = 100%

==================================================
Testing with 4 tools available...
==================================================
  [PASS] 'get_weather' correctly called (3.053s)
  [PASS] 'send_email' correctly called (3.6s)
  [PASS] 'calculate_tip' correctly called (3.32s)
  [PASS] 'translate_text' correctly called (4.587s)
  >> Accuracy at 4 tools: 4/4 = 100%

==================================================
Testing with 5 tools available...
==================================================
  [PASS] 'get_weather' correctly called (3.108s)
  [PASS] 'send_email' correctly called (3.658s)
  [PASS] 'calculate_tip' correctly called (3.571s)
  [PASS] 'translate_text' correctly called (3.824s)
  [PASS] 'set_timer' correctly called (3.498s)
  >> Accuracy at 5 tools: 5/5 = 100%

==================================================
Testing with 7 tools available...
==================================================
  [PASS] 'search_wikipedia' correctly called (3.988s)
  [PASS] 'get_weather' correctly called (3.67s)
  [PASS] 'convert_currency' correctly called (4.281s)
  [PASS] 'calculate_tip' correctly called (3.758s)
  [PASS] 'set_timer' correctly called (3.576s)
  >> Accuracy at 7 tools: 5/5 = 100%

==================================================
Testing with 9 tools available...
==================================================
  [PASS] 'translate_text' correctly called (3.633s)
  [PASS] 'calculate_tip' correctly called (3.308s)
  [PASS] 'search_wikipedia' correctly called (3.35s)
  [PASS] 'get_weather' correctly called (3.32s)
  [PASS] 'set_timer' correctly called (3.467s)
  >> Accuracy at 9 tools: 5/5 = 100%

==================================================
Testing with 11 tools available...
==================================================
  [PASS] 'send_email' correctly called (3.945s)
  [PASS] 'resize_image' correctly called (3.822s)
  [PASS] 'convert_currency' correctly called (5.032s)
  [PASS] 'get_weather' correctly called (2.633s)
  [PASS] 'create_calendar_event' correctly called (4.55s)
  >> Accuracy at 11 tools: 5/5 = 100%

==================================================
Testing with 16 tools available...
==================================================
  [PASS] 'calculate_tip' correctly called (3.564s)
  [PASS] 'translate_text' correctly called (4.556s)
  [PASS] 'generate_password' correctly called (3.796s)
  [PASS] 'get_stock_price' correctly called (3.566s)
  [PASS] 'resize_image' correctly called (3.677s)
  >> Accuracy at 16 tools: 5/5 = 100%

==================================================
Testing with 21 tools available...
==================================================
  [PASS] 'get_weather' correctly called (2.506s)
  [PASS] 'scan_port' correctly called (3.974s)
  [PASS] 'convert_currency' correctly called (3.514s)
  [PASS] 'find_restaurant' correctly called (3.287s)
  [PASS] 'check_spelling' correctly called (4.227s)
  >> Accuracy at 21 tools: 5/5 = 100%

==================================================
Testing with 26 tools available...
==================================================
  [PASS] 'create_calendar_event' correctly called (4.74s)
  [PASS] 'generate_password' correctly called (3.852s)
  [PASS] 'convert_units' correctly called (4.121s)
  [PASS] 'get_stock_price' correctly called (3.619s)
  [PASS] 'shorten_url' correctly called (3.607s)
  >> Accuracy at 26 tools: 5/5 = 100%

==================================================
Testing with 31 tools available...
==================================================
  [PASS] 'create_qr_code' correctly called (3.958s)
  [PASS] 'get_weather' correctly called (3.494s)
  [PASS] 'analyze_sentiment' correctly called (3.959s)
  [PASS] 'shorten_url' correctly called (3.651s)
  [PASS] 'search_wikipedia' correctly called (3.15s)
  >> Accuracy at 31 tools: 5/5 = 100%

==================================================
PHASE 1 SUMMARY
==================================================
Model: lfm2.5-8b-a1b
Tool pool size: 31
Tools    Correct    Total    Accuracy
2        2          2        100%
3        3          3        100%
4        4          4        100%
5        5          5        100%
7        5          5        100%
9        5          5        100%
11       5          5        100%
16       5          5        100%
21       5          5        100%
26       5          5        100%
31       5          5        100%

============================================================
PHASE 2: Adversarial Tool Recall Test
============================================================
Tools in pool: 25 (with semantic overlaps & decoys)
Test cases: 28

  [SEMANTIC_OVERLAP] PASS: 'search_wikipedia' (4.238s)
  [SEMANTIC_OVERLAP] PASS: 'search_news' (4.495s)
  [SEMANTIC_OVERLAP] PASS: 'search_academic' (3.997s)
  [SEMANTIC_OVERLAP] PASS: 'search_local_files' (4.355s)
  [SEMANTIC_OVERLAP] PASS: 'convert_currency' (3.55s)
  [SEMANTIC_OVERLAP] PASS: 'convert_units' (4.362s)
  [SEMANTIC_OVERLAP] PASS: 'convert_timezone' (20.242s)
  [SEMANTIC_OVERLAP] PASS: 'send_slack_message' (3.298s)
  [SEMANTIC_OVERLAP] PASS: 'send_sms' (3.91s)
  [SEMANTIC_OVERLAP] PASS: 'set_alarm' (6.047s)
  [INDIRECT_PROMPT] FAIL: expected 'convert_timezone', got 'none' (14.673s)
         Rationale: Indirect - says 'when should I dial in' not 'convert timezone'
  [INDIRECT_PROMPT] PASS: 'convert_currency' (15.367s)
  [INDIRECT_PROMPT] PASS: 'get_weather_forecast' (4.66s)
  [INDIRECT_PROMPT] PASS: 'summarize_text' (5.043s)
  [INDIRECT_PROMPT] PASS: 'paraphrase_text' (6.583s)
  [INDIRECT_PROMPT] PASS: 'calculate_split_bill' (4.857s)
  [INDIRECT_PROMPT] PASS: 'search_academic' (4.865s)
  [INDIRECT_PROMPT] PASS: 'send_slack_message' (4.639s)
  [DECOY_TOOL] PASS: 'get_air_quality' (4.357s)
  [DECOY_TOOL] PASS: 'get_weather' (2.369s)
  [DECOY_TOOL] PASS: 'paraphrase_text' (3.534s)
  [DECOY_TOOL] PASS: 'set_timer' (4.548s)
  [DECOY_TOOL] FAIL: expected 'create_reminder', got 'none' (4.42s)
         Rationale: Decoy: send_push_notification is tempting (buzz phone), but a scheduled note about a task = reminder
  [DECOY_TOOL] PASS: 'create_calendar_event' (5.27s)
  [DECOY_TOOL] PASS: 'convert_file_format' (4.097s)
  [RANDOM_ORDER] PASS: 'search_web' (3.777s)
  [RANDOM_ORDER] PASS: 'send_push_notification' (5.492s)
  [RANDOM_ORDER] PASS: 'convert_units' (5.454s)

============================================================
PHASE 2 SUMMARY
============================================================
  SEMANTIC_OVERLAP     10/10 (100%) [PASS]
  INDIRECT_PROMPT      7/8 (88%) [DEGRADED]
    - Expected 'convert_timezone', got 'none/no-tool-call'
      Prompt: I have a meeting with the Tokyo office but I'm in London - w...
  DECOY_TOOL           6/7 (86%) [DEGRADED]
    - Expected 'create_reminder', got 'none/no-tool-call'
      Prompt: Can you buzz my phone with a note about buying milk tomorrow...
  RANDOM_ORDER         3/3 (100%) [PASS]

  OVERALL: 26/28 (93%)
